---
source: tests/config.rs
expression: "errors(\"version: 1\\ndatabase: { url: postgres://localhost/db }\\nidentities:\\n  alice: { role: app, rol: x }\\n\")"
---
error: unknown field `rol`, expected one of role, gucs
 --> rlsspec.yaml:4:23
  |
4 |   alice: { role: app, rol: x }
  |                       ^

error: could not load rlsspec.yaml (1 error)
