---
source: tests/select.rs
expression: "run(\"rows_wrong_column\", 1)"
---
notes
  ✗ alice  select  rows: tenant_id = '…000a'  leaked 1 of the 3 rows it should not see: id=6 · hidden 1 of the 3 rows it should see: id=2
coverage 1/8 cells (12.5%) · 7 unspecified (warn)
notes
  ○ alice  insert, update, delete
  ○ guest  select, insert, update, delete
1 failed · 0 passed · 0 inconclusive
