---
source: tests/select.rs
expression: "run(\"deny_using_true\", 1)"
---
notes
  ✗ guest  select  deny  leaked 6 of 6 rows: id=1, id=2, id=3, id=4, id=5, …
coverage 1/8 cells (12.5%) · 7 unspecified (warn)
notes
  ○ alice  select, insert, update, delete
  ○ guest  insert, update, delete
1 failed · 0 passed · 0 inconclusive
