---
source: tests/session.rs
expression: out.stdout
---
notes
  ✓ alice  select  rows: tenant_id = '…000a'       3 visible
  ? alice  insert  values (id, tenant_id) → allow  not supported yet
  ? alice  delete  deny                            not supported yet
*
  ? alice  update  deny  not supported yet
0 failed · 1 passed · 3 inconclusive
