---
source: tests/session.rs
expression: out.stderr
---
error: `COMMIT` is not allowed in setup files: rlsspec runs everything in one transaction that is always rolled back
 --> tests/fixtures/session/commit.sql:3:12
  |
3 | /* done */ COMMIT;
  |            ^

error: stopped before running any case (1 error in tests/fixtures/session/commit.sql)
