---
source: tests/writes.rs
expression: "report(\"defaults_pass\", 0)"
---
notes
  ✓ alice  select  all                                6 visible
  ✓ alice  update  where tenant_id = '…000a' → allow  affected 3 of 3 rows
  ✓ alice  delete  deny                               affected 0 of 6 rows
  ✓ guest  select  deny                               permission denied
  ✓ guest  insert  deny                               deny (no privilege)
  ✓ guest  update  deny                               denied: no UPDATE privilege
  ✓ guest  delete  deny                               permission denied
tags
  ✓ alice  select  rows: tenant_id = '…000a'  1 visible
  ✓ alice  update  deny                       denied: no UPDATE privilege
  ✓ alice  delete  deny                       permission denied
  ✓ guest  select  deny                       permission denied
  ✓ guest  insert  deny                       deny (no privilege)
  ✓ guest  update  deny                       denied: no UPDATE privilege
  ✓ guest  delete  deny                       permission denied
0 failed · 14 passed · 0 inconclusive
